C:\project11>git --version
git version 2.9.2.windows.1

C:\project11>git status
On branch master

Initial commit

nothing to commit (create/copy files and use "git add" to track)

C:\project11>git add Hello.txt

C:\project11>git status
On branch master

Initial commit

Changes to be committed:
  (use "git rm --cached <file>..." to unstage)

        new file:   Hello.txt


C:\project11>git remote add project11 https://github.com/nakshya/firstrepo.git

C:\project11>git status
On branch master

Initial commit

Changes to be committed:
  (use "git rm --cached <file>..." to unstage)

        new file:   Hello.txt


C:\project11>git push
fatal: No configured push destination.
Either specify the URL from the command-line or configure a remote repository using

    git remote add <name> <url>

and then push using the remote name

    git push <name>


C:\project11>git status
On branch master

Initial commit

Changes to be committed:
  (use "git rm --cached <file>..." to unstage)

        new file:   Hello.txt


C:\project11>git commit -m "First Commit"
[master (root-commit) 8efe0b0] First Commit
 Committer: NAKASHYA <NAKASHYA@NAKASHYA-T490.in.oracle.com>
Your name and email address were configured automatically based
on your username and hostname. Please check that they are accurate.
You can suppress this message by setting them explicitly:

    git config --global user.name "Your Name"
    git config --global user.email you@example.com

After doing this, you may fix the identity used for this commit with:

    git commit --amend --reset-author

 1 file changed, 1 insertion(+)
 create mode 100644 Hello.txt

C:\project11>git congig --global user.name "nakshya"
git: 'congig' is not a git command. See 'git --help'.

Did you mean this?
        config

C:\project11>git config --global user.name "nakshya"

C:\project11>git config --global user.email "naman2k17mnnit@gmail.com"

C:\project11>git push
fatal: No configured push destination.
Either specify the URL from the command-line or configure a remote repository using

    git remote add <name> <url>

and then push using the remote name

    git push <name>


C:\project11>git remote add origin https://github.com/nakshya/firstrepo.git

C:\project11>git branch -m main

C:\project11>git push -u origin main
Fatal: AggregateException encountered.
Username for 'https://github.com': nakshya
Password for 'https://nakshya@github.com':
Counting objects: 3, done.
Writing objects: 100% (3/3), 247 bytes | 0 bytes/s, done.
Total 3 (delta 0), reused 0 (delta 0)
To https://github.com/nakshya/firstrepo.git
 * [new branch]      main -> main
Branch main set up to track remote branch main from origin.

C:\project11>git commit -m "Second Commit"
On branch main
Your branch is up-to-date with 'origin/main'.
Changes not staged for commit:
        modified:   Hello.txt

no changes added to commit

C:\project11>git push -u origin main
Fatal: HttpRequestException encountered.
Username for 'https://github.com': nakshya
Password for 'https://nakshya@github.com':
Branch main set up to track remote branch main from origin.
Everything up-to-date

C:\project11>git commit -m "Second Commit"
On branch main
Your branch is up-to-date with 'origin/main'.
Changes not staged for commit:
        modified:   Hello.txt

no changes added to commit

C:\project11>git push -u origin main
Fatal: HttpRequestException encountered.
Username for 'https://github.com': nakshya
Password for 'https://nakshya@github.com':
Branch main set up to track remote branch main from origin.
Everything up-to-date

C:\project11>git status
On branch main
Your branch is up-to-date with 'origin/main'.
Changes not staged for commit:
  (use "git add <file>..." to update what will be committed)
  (use "git checkout -- <file>..." to discard changes in working directory)

        modified:   Hello.txt

no changes added to commit (use "git add" and/or "git commit -a")

C:\project11>git add Hello.txt

C:\project11>git commit -m "Second Commit"
[main d6bb5ac] Second Commit
 1 file changed, 3 insertions(+), 1 deletion(-)

C:\project11>git status
On branch main
Your branch is ahead of 'origin/main' by 1 commit.
  (use "git push" to publish your local commits)
nothing to commit, working tree clean

C:\project11>git push -u origin main
Fatal: HttpRequestException encountered.
Username for 'https://github.com': nakshya
Password for 'https://nakshya@github.com':
Counting objects: 3, done.
Delta compression using up to 8 threads.
Compressing objects: 100% (2/2), done.
Writing objects: 100% (3/3), 308 bytes | 0 bytes/s, done.
Total 3 (delta 0), reused 0 (delta 0)
To https://github.com/nakshya/firstrepo.git
   8efe0b0..d6bb5ac  main -> main
Branch main set up to track remote branch main from origin.